     1                                  bits 32
     2                                  global start        
     3                                  extern exit,fopen,printf,fprintf,scanf,fread
     4                                  import exit msvcrt.dll   
     5                                  import fopen msvcrt.dll
     6                                  import printf msvcrt.dll
     7                                  import fprintf msvcrt.dll
     8                                  import scanf msvcrt.dll
     9                                  import fread msvcrt.dll
    10                                                           
    11                                  segment data use32 class=data
    12                                      
    13 00000000 696E312E74787400            numeFisierIn db "in1.txt", 0
    14 00000008 6F7574312E74787400          numeFisierOut db "out1.txt", 0
    15 00000011 256400                      formatIntreg db "%d", 0
    16 00000014 FFFFFFFF                    descriptorIn dd -1
    17 00000018 FFFFFFFF                    descriptorOut dd -1
    18 0000001C 7200                        modAccesIn db "r", 0
    19 0000001E 7700                        modAccesOut db "w", 0
    20 00000020 257300                      formatString db "%s", 0
    21 00000023 00000000                    i dd 0
    22 00000027 00000000                    j dd 0
    23 0000002B 64000000                    len dd 100
    24 0000002F 00<rept>                    text times 100 db 0
    25                                      
    26                                  segment code use32 class=code
    27                                      start:
    28                                      
    29                                          ;eax = fopen(nume_fisier, modAcces)
    30 00000000 68[1C000000]                    push modAccesIn
    31 00000005 68[00000000]                    push numeFisierIn
    32 0000000A FF15[00000000]                  call [fopen]
    33 00000010 83C408                          add esp, 4*2
    34                                          
    35 00000013 83F800                          cmp eax, 0
    36 00000016 0F849A000000                    je sfarsit
    37 0000001C A3[14000000]                    mov dword [descriptorIn], eax
    38                                          
    39 00000021 68[1E000000]                    push modAccesOut
    40 00000026 68[08000000]                    push numeFisierOut
    41 0000002B FF15[00000000]                  call [fopen]
    42 00000031 83C408                          add esp, 4*2
    43                                          
    44 00000034 83F800                          cmp eax, 0
    45 00000037 747D                            je sfarsit
    46 00000039 A3[18000000]                    mov dword [descriptorOut], eax
    47                                          
    48 0000003E 68[23000000]                    push i 
    49 00000043 68[11000000]                    push formatIntreg
    50 00000048 FF15[00000000]                  call [scanf]
    51 0000004E 83C408                          add esp, 8
    52                                          
    53 00000051 68[27000000]                    push j 
    54 00000056 68[11000000]                    push formatIntreg
    55 0000005B FF15[00000000]                  call [scanf]
    56 00000061 83C408                          add esp, 8
    57                                          
    58                                           ;eax = fread(text, 1, len, descriptor)
    59 00000064 FF35[14000000]                  push dword [descriptorIn]
    60 0000006A 6A64                            push dword 100
    61 0000006C 6A01                            push dword 1
    62 0000006E 68[2F000000]                    push dword text
    63 00000073 FF15[00000000]                  call [fread]
    64 00000079 83C410                          add esp, 4*4
    65                                          
    66 0000007C 8B35[23000000]                  mov esi, dword [i]
    67 00000082 8B3D[27000000]                  mov edi, dword [j]
    68 00000088 4E                              dec esi
    69 00000089 4F                              dec edi 
    70 0000008A 8A86[2F000000]                  mov al, [text + esi]
    71 00000090 8A9F[2F000000]                  mov bl, [text + edi]
    72 00000096 889E[2F000000]                  mov [text + esi], bl 
    73 0000009C 8887[2F000000]                  mov [text + edi], al
    74                                          
    75 000000A2 68[2F000000]                    push dword text 
    76 000000A7 FF35[18000000]                  push dword [descriptorOut]
    77 000000AD FF15[00000000]                  call [fprintf]
    78 000000B3 83C408                          add esp, 4*2
    79                                  
    80                                          sfarsit:
    81 000000B6 6A00                            push    dword 0 
    82 000000B8 FF15[00000000]                  call    [exit]      
